// Jest Snapshot v1, https://goo.gl/fbAQLP

exports[`Comment component should render correctly with given comment 1`] = `
<div
  className="content-container comment"
>
  <div
    className="content-container"
  >
    Comment: {commentInput}
    <br />
    User Account: Juanita
  </div>
  <div 
    className="content-container trimmed"
  >
    <button
      className="delete-button"
      onClick={() => deleteComment(commentInput)}
    >
      Delete
    </button>
   </div>
  <br />
</div>
`;
