// Jest Snapshot v1, https://goo.gl/fbAQLP

exports[`Idea component should render correctly with given idea 1`] = `
<div
  className="content"
>
  <div
    className="content-container idea"
    onMouseEnter={[Function]}
    onMouseLeave={[Function]}
  >
    <div
      onClick={[Function]}
      style={
        Object {
          "height": 0,
        }
      }
    >
      <svg
        className="icon blue-icon pin-icon"
        fill="yellow"
        stroke="currentColor"
        viewBox="0 0 24 24"
        xmlns="http://www.w3.org/2000/svg"
      >
        <path
          d="M11.049 2.927c.3-.921 1.603-.921 1.902 0l1.519 4.674a1 1 0 00.95.69h4.915c.969 0 1.371 1.24.588 1.81l-3.976 2.888a1 1 0 00-.363 1.118l1.518 4.674c.3.922-.755 1.688-1.538 1.118l-3.976-2.888a1 1 0 00-1.176 0l-3.976 2.888c-.783.57-1.838-.197-1.538-1.118l1.518-4.674a1 1 0 00-.363-1.118l-3.976-2.888c-.784-.57-.38-1.81.588-1.81h4.914a1 1 0 00.951-.69l1.519-4.674z"
          strokeLinecap="round"
          strokeLinejoin="round"
          strokeWidth="2"
        />
      </svg>
    </div>
    <div
      className="content-container flex-container"
      style={
        Object {
          "paddingBottom": "0px",
        }
      }
    >
      <div
        className="flex-component flex-70"
      >
        <h3>
          content
        </h3>
      </div>
      <VotingMechanism
        idea={
          Object {
            "_id": "507f191e810c19729de860ea",
            "commentIds": Array [
              "0",
            ],
            "content": "content",
            "downVoters": Array [
              Object {
                "_id": "507f191e810c19729de860ec",
                "name": "Kevin",
                "password": "Password",
              },
            ],
            "downVotes": 3,
            "pinned": true,
            "upVoters": Array [
              Object {
                "_id": "507f191e810c19729de860eb",
                "name": "Kevin",
                "password": "Password",
              },
            ],
            "upVotes": 2,
            "user": "Kevin",
          }
        }
        user={
          Object {
            "_id": "615689f3c7568fc6aeff9000",
            "name": null,
            "password": "",
          }
        }
      />
    </div>
    <div
      className="content-container flex-container"
    >
      <div
        className="flex-component flex-70 flex-between"
      >
        <p
          className="small top idea-small-details"
        >
          Kevin
        </p>
        <p
          className="x-small top idea-small-details idea-meta-label"
        >
          Unknown time created
        </p>
      </div>
      <div
        className="flex-component flex-70 flex-end"
      >
        <svg
          className="h-6 w-6 icon blue-icon comment-icon button-icon"
          fill="white"
          onClick={[Function]}
          viewBox="0 0 24 24"
          xmlns="http://www.w3.org/2000/svg"
        >
          <path
            d="M7 8h10M7 12h4m1 8l-4-4H5a2 2 0 01-2-2V6a2 2 0 012-2h14a2 2 0 012 2v8a2 2 0 01-2 2h-3l-4 4z"
            strokeLinecap="round"
            strokeLinejoin="round"
            strokeWidth="2"
          />
        </svg>
        <p
          className="top"
          style={
            Object {
              "paddingLeft": "7px",
            }
          }
        >
          1
        </p>
      </div>
    </div>
    <div
      className="content-container"
    >
      <CommentBox
        decrement={[Function]}
        hidden={true}
        increment={[Function]}
        initialCommentIds={
          Array [
            "0",
          ]
        }
        updateIdeaCommentIds={[Function]}
      />
      <Modal
        idea={
          Object {
            "_id": "507f191e810c19729de860ea",
            "commentIds": Array [
              "0",
            ],
            "content": "content",
            "downVoters": Array [
              Object {
                "_id": "507f191e810c19729de860ec",
                "name": "Kevin",
                "password": "Password",
              },
            ],
            "downVotes": 3,
            "pinned": true,
            "upVoters": Array [
              Object {
                "_id": "507f191e810c19729de860eb",
                "name": "Kevin",
                "password": "Password",
              },
            ],
            "upVotes": 2,
            "user": "Kevin",
          }
        }
        onClose={[Function]}
        onSubmit={[Function]}
        show={false}
        title="Edit Your Idea?"
      >
        <textarea
          className="comment-textarea"
          cols="50"
          maxLength="145"
          onChange={[Function]}
          placeholder="Enter your new idea"
          rows="3"
          value=""
        />
      </Modal>
    </div>
  </div>
</div>
`;
